Archive member included because of file (symbol)

c:/winavr-20081205/bin/../lib/gcc/avr/4.3.2/avr25\libgcc.a(_exit.o)
                              c:/winavr-20081205/bin/../lib/gcc/avr/4.3.2/../../../../avr/lib/avr25/crttn2313.o (exit)
c:/winavr-20081205/bin/../lib/gcc/avr/4.3.2/avr25\libgcc.a(_copy_data.o)
                              genset_pakmin.o (__do_copy_data)
c:/winavr-20081205/bin/../lib/gcc/avr/4.3.2/avr25\libgcc.a(_clear_bss.o)
                              genset_pakmin.o (__do_clear_bss)

Memory Configuration

Name             Origin             Length             Attributes
text             0x00000000         0x00002000         xr
data             0x00800060         0x0000ffa0         rw !x
eeprom           0x00810000         0x00010000         rw !x
fuse             0x00820000         0x00000400         rw !x
lock             0x00830000         0x00000400         rw !x
signature        0x00840000         0x00000400         rw !x
*default*        0x00000000         0xffffffff

Linker script and memory map

LOAD c:/winavr-20081205/bin/../lib/gcc/avr/4.3.2/../../../../avr/lib/avr25/crttn2313.o
LOAD genset_pakmin.o
LOAD c:/winavr-20081205/bin/../lib/gcc/avr/4.3.2/avr25\libgcc.a
LOAD c:/winavr-20081205/bin/../lib/gcc/avr/4.3.2/../../../../avr/lib/avr25\libc.a
LOAD c:/winavr-20081205/bin/../lib/gcc/avr/4.3.2/avr25\libgcc.a

.hash
 *(.hash)

.dynsym
 *(.dynsym)

.dynstr
 *(.dynstr)

.gnu.version
 *(.gnu.version)

.gnu.version_d
 *(.gnu.version_d)

.gnu.version_r
 *(.gnu.version_r)

.rel.init
 *(.rel.init)

.rela.init
 *(.rela.init)

.rel.text
 *(.rel.text)
 *(.rel.text.*)
 *(.rel.gnu.linkonce.t*)

.rela.text
 *(.rela.text)
 *(.rela.text.*)
 *(.rela.gnu.linkonce.t*)

.rel.fini
 *(.rel.fini)

.rela.fini
 *(.rela.fini)

.rel.rodata
 *(.rel.rodata)
 *(.rel.rodata.*)
 *(.rel.gnu.linkonce.r*)

.rela.rodata
 *(.rela.rodata)
 *(.rela.rodata.*)
 *(.rela.gnu.linkonce.r*)

.rel.data
 *(.rel.data)
 *(.rel.data.*)
 *(.rel.gnu.linkonce.d*)

.rela.data
 *(.rela.data)
 *(.rela.data.*)
 *(.rela.gnu.linkonce.d*)

.rel.ctors
 *(.rel.ctors)

.rela.ctors
 *(.rela.ctors)

.rel.dtors
 *(.rel.dtors)

.rela.dtors
 *(.rela.dtors)

.rel.got
 *(.rel.got)

.rela.got
 *(.rela.got)

.rel.bss
 *(.rel.bss)

.rela.bss
 *(.rela.bss)

.rel.plt
 *(.rel.plt)

.rela.plt
 *(.rela.plt)

.text           0x00000000      0x45e
 *(.vectors)
 .vectors       0x00000000       0x26 c:/winavr-20081205/bin/../lib/gcc/avr/4.3.2/../../../../avr/lib/avr25/crttn2313.o
                0x00000000                __vectors
                0x00000000                __vector_default
 *(.vectors)
 *(.progmem.gcc*)
 *(.progmem*)
                0x00000026                . = ALIGN (0x2)
                0x00000026                __trampolines_start = .
 *(.trampolines)
 .trampolines   0x00000026        0x0 linker stubs
 *(.trampolines*)
                0x00000026                __trampolines_end = .
 *(.jumptables)
 *(.jumptables*)
 *(.lowtext)
 *(.lowtext*)
                0x00000026                __ctors_start = .
 *(.ctors)
                0x00000026                __ctors_end = .
                0x00000026                __dtors_start = .
 *(.dtors)
                0x00000026                __dtors_end = .
 SORT(*)(.ctors)
 SORT(*)(.dtors)
 *(.init0)
 .init0         0x00000026        0x0 c:/winavr-20081205/bin/../lib/gcc/avr/4.3.2/../../../../avr/lib/avr25/crttn2313.o
                0x00000026                __init
 *(.init0)
 *(.init1)
 *(.init1)
 *(.init2)
 .init2         0x00000026        0x8 c:/winavr-20081205/bin/../lib/gcc/avr/4.3.2/../../../../avr/lib/avr25/crttn2313.o
 *(.init2)
 *(.init3)
 *(.init3)
 *(.init4)
 .init4         0x0000002e       0x16 c:/winavr-20081205/bin/../lib/gcc/avr/4.3.2/avr25\libgcc.a(_copy_data.o)
                0x0000002e                __do_copy_data
 .init4         0x00000044       0x10 c:/winavr-20081205/bin/../lib/gcc/avr/4.3.2/avr25\libgcc.a(_clear_bss.o)
                0x00000044                __do_clear_bss
 *(.init4)
 *(.init5)
 *(.init5)
 *(.init6)
 *(.init6)
 *(.init7)
 *(.init7)
 *(.init8)
 *(.init8)
 *(.init9)
 .init9         0x00000054        0x4 c:/winavr-20081205/bin/../lib/gcc/avr/4.3.2/../../../../avr/lib/avr25/crttn2313.o
 *(.init9)
 *(.text)
 .text          0x00000058        0x2 c:/winavr-20081205/bin/../lib/gcc/avr/4.3.2/../../../../avr/lib/avr25/crttn2313.o
                0x00000058                __vector_1
                0x00000058                __vector_12
                0x00000058                __bad_interrupt
                0x00000058                __vector_6
                0x00000058                __vector_3
                0x00000058                __vector_11
                0x00000058                __vector_13
                0x00000058                __vector_17
                0x00000058                __vector_7
                0x00000058                __vector_5
                0x00000058                __vector_4
                0x00000058                __vector_9
                0x00000058                __vector_2
                0x00000058                __vector_15
                0x00000058                __vector_8
                0x00000058                __vector_14
                0x00000058                __vector_10
                0x00000058                __vector_16
                0x00000058                __vector_18
 .text          0x0000005a      0x400 genset_pakmin.o
                0x000000fc                main
                0x000000a6                read_pln
                0x000000c8                delay
                0x0000005a                read_genset
                0x0000007c                sensor
 .text          0x0000045a        0x0 c:/winavr-20081205/bin/../lib/gcc/avr/4.3.2/avr25\libgcc.a(_exit.o)
 .text          0x0000045a        0x0 c:/winavr-20081205/bin/../lib/gcc/avr/4.3.2/avr25\libgcc.a(_copy_data.o)
 .text          0x0000045a        0x0 c:/winavr-20081205/bin/../lib/gcc/avr/4.3.2/avr25\libgcc.a(_clear_bss.o)
                0x0000045a                . = ALIGN (0x2)
 *(.text.*)
 .text.libgcc   0x0000045a        0x0 c:/winavr-20081205/bin/../lib/gcc/avr/4.3.2/avr25\libgcc.a(_exit.o)
 .text.libgcc   0x0000045a        0x0 c:/winavr-20081205/bin/../lib/gcc/avr/4.3.2/avr25\libgcc.a(_copy_data.o)
 .text.libgcc   0x0000045a        0x0 c:/winavr-20081205/bin/../lib/gcc/avr/4.3.2/avr25\libgcc.a(_clear_bss.o)
                0x0000045a                . = ALIGN (0x2)
 *(.fini9)
 .fini9         0x0000045a        0x0 c:/winavr-20081205/bin/../lib/gcc/avr/4.3.2/avr25\libgcc.a(_exit.o)
                0x0000045a                exit
                0x0000045a                _exit
 *(.fini9)
 *(.fini8)
 *(.fini8)
 *(.fini7)
 *(.fini7)
 *(.fini6)
 *(.fini6)
 *(.fini5)
 *(.fini5)
 *(.fini4)
 *(.fini4)
 *(.fini3)
 *(.fini3)
 *(.fini2)
 *(.fini2)
 *(.fini1)
 *(.fini1)
 *(.fini0)
 .fini0         0x0000045a        0x4 c:/winavr-20081205/bin/../lib/gcc/avr/4.3.2/avr25\libgcc.a(_exit.o)
 *(.fini0)
                0x0000045e                _etext = .

.data           0x00800060        0x0 load address 0x0000045e
                0x00800060                PROVIDE (__data_start, .)
 *(.data)
 .data          0x00800060        0x0 c:/winavr-20081205/bin/../lib/gcc/avr/4.3.2/../../../../avr/lib/avr25/crttn2313.o
 .data          0x00800060        0x0 genset_pakmin.o
 .data          0x00800060        0x0 c:/winavr-20081205/bin/../lib/gcc/avr/4.3.2/avr25\libgcc.a(_exit.o)
 .data          0x00800060        0x0 c:/winavr-20081205/bin/../lib/gcc/avr/4.3.2/avr25\libgcc.a(_copy_data.o)
 .data          0x00800060        0x0 c:/winavr-20081205/bin/../lib/gcc/avr/4.3.2/avr25\libgcc.a(_clear_bss.o)
 *(.data*)
 *(.rodata)
 *(.rodata*)
 *(.gnu.linkonce.d*)
                0x00800060                . = ALIGN (0x2)
                0x00800060                _edata = .
                0x00800060                PROVIDE (__data_end, .)

.bss            0x00800060        0x0
                0x00800060                PROVIDE (__bss_start, .)
 *(.bss)
 .bss           0x00800060        0x0 c:/winavr-20081205/bin/../lib/gcc/avr/4.3.2/../../../../avr/lib/avr25/crttn2313.o
 .bss           0x00800060        0x0 genset_pakmin.o
 .bss           0x00800060        0x0 c:/winavr-20081205/bin/../lib/gcc/avr/4.3.2/avr25\libgcc.a(_exit.o)
 .bss           0x00800060        0x0 c:/winavr-20081205/bin/../lib/gcc/avr/4.3.2/avr25\libgcc.a(_copy_data.o)
 .bss           0x00800060        0x0 c:/winavr-20081205/bin/../lib/gcc/avr/4.3.2/avr25\libgcc.a(_clear_bss.o)
 *(.bss*)
 *(COMMON)
                0x00800060                PROVIDE (__bss_end, .)
                0x0000045e                __data_load_start = LOADADDR (.data)
                0x0000045e                __data_load_end = (__data_load_start + SIZEOF (.data))

.noinit         0x00800060        0x0
                0x00800060                PROVIDE (__noinit_start, .)
 *(.noinit*)
                0x00800060                PROVIDE (__noinit_end, .)
                0x00800060                _end = .
                0x00800060                PROVIDE (__heap_start, .)

.eeprom         0x00810000        0x0
 *(.eeprom*)
                0x00810000                __eeprom_end = .

.fuse
 *(.fuse)
 *(.lfuse)
 *(.hfuse)
 *(.efuse)

.lock
 *(.lock*)

.signature
 *(.signature*)

.stab
 *(.stab)

.stabstr
 *(.stabstr)

.stab.excl
 *(.stab.excl)

.stab.exclstr
 *(.stab.exclstr)

.stab.index
 *(.stab.index)

.stab.indexstr
 *(.stab.indexstr)

.comment
 *(.comment)

.debug
 *(.debug)

.line
 *(.line)

.debug_srcinfo
 *(.debug_srcinfo)

.debug_sfnames
 *(.debug_sfnames)

.debug_aranges  0x00000000       0x20
 *(.debug_aranges)
 .debug_aranges
                0x00000000       0x20 genset_pakmin.o

.debug_pubnames
                0x00000000       0x4d
 *(.debug_pubnames)
 .debug_pubnames
                0x00000000       0x4d genset_pakmin.o

.debug_info     0x00000000      0xd7e
 *(.debug_info)
 .debug_info    0x00000000      0xd7e genset_pakmin.o
 *(.gnu.linkonce.wi.*)

.debug_abbrev   0x00000000      0x1a1
 *(.debug_abbrev)
 .debug_abbrev  0x00000000      0x1a1 genset_pakmin.o

.debug_line     0x00000000      0xa7a
 *(.debug_line)
 .debug_line    0x00000000      0xa7a genset_pakmin.o

.debug_frame    0x00000000       0x60
 *(.debug_frame)
 .debug_frame   0x00000000       0x60 genset_pakmin.o

.debug_str      0x00000000       0xe5
 *(.debug_str)
 .debug_str     0x00000000       0xe5 genset_pakmin.o
                                0x119 (size before relaxing)

.debug_loc      0x00000000      0xeb3
 *(.debug_loc)
 .debug_loc     0x00000000      0xeb3 genset_pakmin.o

.debug_macinfo
 *(.debug_macinfo)
OUTPUT(genset_pakmin.elf elf32-avr)
LOAD linker stubs

.debug_ranges   0x00000000      0x210
 .debug_ranges  0x00000000      0x210 genset_pakmin.o
